Microchip MPLAB XC8 Compiler V1.21 ()

Linker command line:

--edf=/Applications/microchip/xc8/v1.21/dat/en_msgs.txt -cs \
  -h+dist/default/production/BiteIndicator.X.production.sym \
  --cmf=dist/default/production/BiteIndicator.X.production.cmf -z \
  -Q18F45K20 -o/tmp/cgtYjHnyX \
  -Mdist/default/production/BiteIndicator.X.production.map -E1 -ver=XC8 \
  -ACODE=00h-07FFFh -ACONST=00h-07FFFh -ASMALLCONST=0600h-06FFhx122 \
  -AMEDIUMCONST=0600h-07FFFh -ACOMRAM=01h-05Fh -AABS1=00h-05FFh \
  -ABIGRAM=01h-05FFh -ARAM=060h-0FFh,0100h-01FFhx5 -ABANK0=060h-0FFh \
  -ABANK1=0100h-01FFh -ABANK2=0200h-02FFh -ABANK3=0300h-03FFh \
  -ABANK4=0400h-04FFh -ABANK5=0500h-05FFh -ASFR=0F60h-0FFFh \
  -preset_vec=00h,intcode=08h,intcodelo,powerup,init,end_init \
  -pramtop=0600h -psmallconst=SMALLCONST -pmediumconst=MEDIUMCONST \
  -pconst=CONST -AFARRAM=00h-00h -ACONFIG=0300000h-030000Dh -pconfig=CONFIG \
  -AIDLOC=0200000h-0200007h -pidloc=IDLOC -AEEDATA=0F00000h-0F000FFh \
  -peeprom_data=EEDATA \
  -prdata=COMRAM,nvrram=COMRAM,nvbit=COMRAM,rbss=COMRAM,rbit=COMRAM \
  -pfarbss=FARRAM,fardata=FARRAM,nvFARRAM=FARRAM \
  -pintsave_regs=BIGRAM,bigbss=BIGRAM,bigdata=BIGRAM -pbss=RAM \
  -pidata=CODE,irdata=CODE,ibigdata=CODE,ifardata=CODE /tmp/cgtOpPcBb.obj \
  dist/default/production/BiteIndicator.X.production.obj 

Object code version is 3.11

Machine type is 18F45K20

Call graph: (short form)




                Name                               Link     Load   Length Selector   Space Scale
/tmp/cgtOpPcBb.obj
                end_init                             7A       7A        4        4       0
                reset_vec                             0        0        4        0       0
                idloc                            200000   200000        8   200000       0
                config                           300000   300000        E   300000       0
dist/default/production/BiteIndicator.X.production.obj
                intcode                               8        8       72        4       0
                text6                               1FE      1FE       1E        4       0
                text5                               104      104       76        4       0
                text4                               17A      17A       58        4       0
                text3                               236      236        C        4       0
                text2                               22A      22A        C        4       0
                text1                                7E       7E       86        4       0
                text0                               1D2      1D2       2C        4       0
                cstackCOMRAM                          1        1       1B        1       1
                bssCOMRAM                            1C       1C        2        1       1
                cinit                               21C      21C        E        4       0

TOTAL           Name                               Link     Load   Length     Space
        CLASS   CODE           
                end_init                             7A       7A        4         0
                intcode                               8        8       72         0
                reset_vec                             0        0        4         0
                text6                               1FE      1FE       1E         0
                text5                               104      104       76         0
                text4                               17A      17A       58         0
                text3                               236      236        C         0
                text2                               22A      22A        C         0
                text1                                7E       7E       86         0
                text0                               1D2      1D2       2C         0
                cinit                               21C      21C        E         0

        CLASS   CONST          

        CLASS   SMALLCONST     

        CLASS   MEDIUMCONST    

        CLASS   COMRAM         
                cstackCOMRAM                          1        1       1B         1
                bssCOMRAM                            1C       1C        2         1

        CLASS   ABS1           

        CLASS   BIGRAM         

        CLASS   RAM            

        CLASS   BANK0          

        CLASS   BANK1          

        CLASS   BANK2          

        CLASS   BANK3          

        CLASS   BANK4          

        CLASS   BANK5          

        CLASS   SFR            

        CLASS   FARRAM         

        CLASS   CONFIG         
                config                           300000   300000        E         0

        CLASS   IDLOC          
                idloc                            200000   200000        8         0

        CLASS   EEDATA         



SEGMENTS        Name                           Load    Length   Top    Selector   Space  Class

                reset_vec                      000000  000004  000004         0       0  CODE    
                cstackCOMRAM                   000001  00001D  00001E         1       1  COMRAM  
                intcode                        000008  00023A  000242         4       0  CODE    
                idloc                          200000  000008  200008    200000       0  IDLOC   
                config                         300000  00000E  30000E    300000       0  CONFIG  


UNUSED ADDRESS RANGES

        Name                Unused          Largest block    Delta
        BANK0            000060-0000FF               A0
        BANK1            000100-0001FF              100
        BANK2            000200-0002FF              100
        BANK3            000300-0003FF              100
        BANK4            000400-0004FF              100
        BANK5            000500-0005FF              100
        BIGRAM           00001E-0005FF              5E2
        CODE             000004-000007                4
                         000242-007FFF             7DBE
        COMRAM           00001E-00005F               42
        CONST            000004-000007                4
                         000242-007FFF             7DBE
        EEDATA           F00000-F000FF              100
        MEDIUMCONST      000600-007FFF             7A00
        RAM              000060-0005FF              100
        SFR              000F60-000FFF               A0
        SMALLCONST       000600-007FFF              100

                                  Symbol Table

?_setOSCFrequency         cstackCOMRAM 00000F
_INTCON2bits              (abs)        000FF1
_INTCONbits               (abs)        000FF2
_ISR                      intcode      000008
_OSCCONbits               (abs)        000FD3
_PORTD                    (abs)        000F83
_TRISD                    (abs)        000F95
__CFG_FOSC$INTIO67        (abs)        000000
__CFG_LVP$OFF             (abs)        000000
__CFG_PBADEN$OFF          (abs)        000000
__CFG_WDTEN$OFF           (abs)        000000
__HRAM                    (abs)        000000
__Habs1                   abs1         000000
__Hbank0                  bank0        000000
__Hbank1                  bank1        000000
__Hbank2                  bank2        000000
__Hbank3                  bank3        000000
__Hbank4                  bank4        000000
__Hbank5                  bank5        000000
__Hbigbss                 bigbss       000000
__Hbigdata                bigdata      000000
__Hbigram                 bigram       000000
__Hbss                    bss          000000
__HbssCOMRAM              bssCOMRAM    000000
__Hcinit                  cinit        000000
__Hclrtext                clrtext      000000
__Hcomram                 comram       000000
__Hconfig                 config       30000E
__Hconst                  const        000000
__HcstackCOMRAM           cstackCOMRAM 000000
__Hdata                   data         000000
__Heeprom_data            eeprom_data  000000
__Hend_init               end_init     00007E
__Hfarbss                 farbss       000000
__Hfardata                fardata      000000
__Hibigdata               ibigdata     000000
__Hidata                  idata        000000
__Hidloc                  idloc        200008
__Hifardata               ifardata     000000
__Hinit                   init         00007A
__Hintcode                intcode      00007A
__Hintcode_body           intcode_body 000000
__Hintcodelo              intcodelo    00007A
__Hintentry               intentry     000000
__Hintret                 intret       000000
__Hintsave_regs           intsave_regs 000000
__Hirdata                 irdata       000000
__Hmediumconst            mediumconst  000000
__HnvFARRAM               nvFARRAM     000000
__Hnvbit                  nvbit        000000
__Hnvrram                 nvrram       000000
__Hparam                  rparam       000000
__Hpowerup                powerup      00007A
__Hram                    ram          000000
__Hramtop                 ramtop       000600
__Hrbit                   rbit         000000
__Hrbss                   rbss         000000
__Hrdata                  rdata        000000
__Hreset_vec              reset_vec    000004
__Hrparam                 rparam       000000
__Hsfr                    sfr          000000
__Hsmallconst             smallconst   000000
__Hstruct                 struct       000000
__Htemp                   temp         000000
__Htext                   text         000000
__Htext0                  text0        000000
__Htext1                  text1        000000
__Htext2                  text2        000000
__Htext3                  text3        000000
__Htext4                  text4        000000
__Htext5                  text5        000000
__Htext6                  text6        000000
__LRAM                    (abs)        000001
__Labs1                   abs1         000000
__Lbank0                  bank0        000000
__Lbank1                  bank1        000000
__Lbank2                  bank2        000000
__Lbank3                  bank3        000000
__Lbank4                  bank4        000000
__Lbank5                  bank5        000000
__Lbigbss                 bigbss       000000
__Lbigdata                bigdata      000000
__Lbigram                 bigram       000000
__Lbss                    bss          000000
__LbssCOMRAM              bssCOMRAM    000000
__Lcinit                  cinit        000000
__Lclrtext                clrtext      000000
__Lcomram                 comram       000000
__Lconfig                 config       300000
__Lconst                  const        000000
__LcstackCOMRAM           cstackCOMRAM 000000
__Ldata                   data         000000
__Leeprom_data            eeprom_data  000000
__Lend_init               end_init     00007A
__Lfarbss                 farbss       000000
__Lfardata                fardata      000000
__Libigdata               ibigdata     000000
__Lidata                  idata        000000
__Lidloc                  idloc        200000
__Lifardata               ifardata     000000
__Linit                   init         00007A
__Lintcode                intcode      000008
__Lintcode_body           intcode_body 000000
__Lintcodelo              intcodelo    00007A
__Lintentry               intentry     000000
__Lintret                 intret       000000
__Lintsave_regs           intsave_regs 000000
__Lirdata                 irdata       000000
__Lmediumconst            mediumconst  000000
__LnvFARRAM               nvFARRAM     000000
__Lnvbit                  nvbit        000000
__Lnvrram                 nvrram       000000
__Lparam                  rparam       000000
__Lpowerup                powerup      00007A
__Lram                    ram          000000
__Lramtop                 ramtop       000600
__Lrbit                   rbit         000000
__Lrbss                   rbss         000000
__Lrdata                  rdata        000000
__Lreset_vec              reset_vec    000000
__Lrparam                 rparam       000000
__Lsfr                    sfr          000000
__Lsmallconst             smallconst   000000
__Lstruct                 struct       000000
__Ltemp                   temp         000000
__Ltext                   text         000000
__Ltext0                  text0        000000
__Ltext1                  text1        000000
__Ltext2                  text2        000000
__Ltext3                  text3        000000
__Ltext4                  text4        000000
__Ltext5                  text5        000000
__Ltext6                  text6        000000
__S0                      (abs)        30000E
__S1                      (abs)        00001E
__accesstop               (abs)        000060
__activetblptr            (abs)        000002
__end_of_ISR              intcode      00007A
__end_of__initialization  cinit        000220
__end_of_delay            text6        00021C
__end_of_initINT0         text3        000242
__end_of_initLEDs         text2        000236
__end_of_main             text0        0001FE
__end_of_runHardverCheck  text5        00017A
__end_of_runHardverTest   text4        0001D2
__end_of_setOSCFrequency  text1        000104
__initialization          cinit        00021C
__mediumconst             mediumconst  000000
__pbssCOMRAM              bssCOMRAM    00001C
__pcinit                  cinit        00021C
__pcstackCOMRAM           cstackCOMRAM 000001
__pintcode                intcode      000008
__ptext0                  text0        0001D2
__ptext1                  text1        00007E
__ptext2                  text2        00022A
__ptext3                  text3        000236
__ptext4                  text4        00017A
__ptext5                  text5        000104
__ptext6                  text6        0001FE
__ramtop                  ramtop       000600
__size_of_ISR             (abs)        000000
__size_of_delay           (abs)        000000
__size_of_initINT0        (abs)        000000
__size_of_initLEDs        (abs)        000000
__size_of_main            (abs)        000000
__size_of_runHardverCheck (abs)        000000
__size_of_runHardverTest  (abs)        000000
__size_of_setOSCFrequency (abs)        000000
__smallconst              smallconst   000000
_delay                    text6        0001FE
_freqGlobalInt            bssCOMRAM    00001C
_initINT0                 text3        000236
_initLEDs                 text2        00022A
_main                     text0        0001D2
_runHardverCheck          text5        000104
_runHardverTest           text4        00017A
_setOSCFrequency          text1        00007E
delay@delay               cstackCOMRAM 00000F
end_of_initialization     cinit        000220
intlevel0                 text         000000
intlevel1                 text         000000
intlevel2                 text         000000
intlevel3                 text         000000
main@startFreq            cstackCOMRAM 00001B
runHardverCheck@helper    cstackCOMRAM 000011
runHardverCheck@helper_29 cstackCOMRAM 000013
runHardverTest@helper     cstackCOMRAM 000011
runHardverTest@helper_32  cstackCOMRAM 000013
setOSCFrequency@frequenc  cstackCOMRAM 00000F
setOSCFrequency@ii        cstackCOMRAM 000011
start                     init         00007A
start_initialization      cinit        00021C


FUNCTION INFORMATION:

 *************** function _main *****************
 Defined at:
		line 27 in file "main.c"
 Parameters:    Size  Location     Type
  argc            2   20[COMRAM] int 
  argv            3   22[COMRAM] PTR PTR unsigned char 
 Auto vars:     Size  Location     Type
  startFreq       1   26[COMRAM] enum E4511
 Return value:  Size  Location     Type
                  2   20[COMRAM] int 
 Registers used:
		wreg, fsr0l, fsr0h, fsr1l, fsr1h, fsr1l, fsr1h, fsr2l, fsr2h, status,2, status,0, pclat, btemp, btemp+1, btemp+2, btemp+3, btemp+4, btemp+5, btemp+6, btemp+7, tosl, structret, tblptrl, tblptrh, tblptru, prodl, prodh, bsr, cstack
 Tracked objects:
		On entry : 
		On exit  : 
		Unchanged: 
 Data sizes:     COMRAM   BANK0   BANK1   BANK2   BANK3   BANK4   BANK5
      Params:         5       0       0       0       0       0       0
      Locals:         1       0       0       0       0       0       0
      Temps:          1       0       0       0       0       0       0
      Totals:         7       0       0       0       0       0       0
Total ram usage:        7 bytes
 Hardware stack levels required when called:    3
 This function calls:
		_runHardverCheck
		_runHardverTest
		_initINT0
		_initLEDs
		_setOSCFrequency
 This function is called by:
		Startup code after reset
 This function uses a non-reentrant model


 *************** function _setOSCFrequency *****************
 Defined at:
		line 6 in file "OSC.c"
 Parameters:    Size  Location     Type
  frequenc        2   14[COMRAM] int 
 Auto vars:     Size  Location     Type
  ii              1   16[COMRAM] enum E4319
 Return value:  Size  Location     Type
		None               void
 Registers used:
		wreg, status,2, status,0
 Tracked objects:
		On entry : 
		On exit  : 
		Unchanged: 
 Data sizes:     COMRAM   BANK0   BANK1   BANK2   BANK3   BANK4   BANK5
      Params:         2       0       0       0       0       0       0
      Locals:         1       0       0       0       0       0       0
      Temps:          0       0       0       0       0       0       0
      Totals:         3       0       0       0       0       0       0
Total ram usage:        3 bytes
 Hardware stack levels used:    1
 Hardware stack levels required when called:    1
 This function calls:
		Nothing
 This function is called by:
		_main
 This function uses a non-reentrant model


 *************** function _initLEDs *****************
 Defined at:
		line 18 in file "Initialization.c"
 Parameters:    Size  Location     Type
		None
 Auto vars:     Size  Location     Type
		None
 Return value:  Size  Location     Type
		None               void
 Registers used:
		wreg, status,2, status,0
 Tracked objects:
		On entry : 
		On exit  : 
		Unchanged: 
 Data sizes:     COMRAM   BANK0   BANK1   BANK2   BANK3   BANK4   BANK5
      Params:         0       0       0       0       0       0       0
      Locals:         0       0       0       0       0       0       0
      Temps:          0       0       0       0       0       0       0
      Totals:         0       0       0       0       0       0       0
Total ram usage:        0 bytes
 Hardware stack levels used:    1
 Hardware stack levels required when called:    1
 This function calls:
		Nothing
 This function is called by:
		_main
 This function uses a non-reentrant model


 *************** function _initINT0 *****************
 Defined at:
		line 9 in file "Initialization.c"
 Parameters:    Size  Location     Type
		None
 Auto vars:     Size  Location     Type
		None
 Return value:  Size  Location     Type
		None               void
 Registers used:
		None
 Tracked objects:
		On entry : 
		On exit  : 
		Unchanged: 
 Data sizes:     COMRAM   BANK0   BANK1   BANK2   BANK3   BANK4   BANK5
      Params:         0       0       0       0       0       0       0
      Locals:         0       0       0       0       0       0       0
      Temps:          0       0       0       0       0       0       0
      Totals:         0       0       0       0       0       0       0
Total ram usage:        0 bytes
 Hardware stack levels used:    1
 Hardware stack levels required when called:    1
 This function calls:
		Nothing
 This function is called by:
		_main
 This function uses a non-reentrant model


 *************** function _runHardverTest *****************
 Defined at:
		line 44 in file "HardverTest.c"
 Parameters:    Size  Location     Type
		None
 Auto vars:     Size  Location     Type
  helper          2   18[COMRAM] int 
  helper          2   16[COMRAM] int 
 Return value:  Size  Location     Type
		None               void
 Registers used:
		wreg, status,2, status,0, cstack
 Tracked objects:
		On entry : 
		On exit  : 
		Unchanged: 
 Data sizes:     COMRAM   BANK0   BANK1   BANK2   BANK3   BANK4   BANK5
      Params:         0       0       0       0       0       0       0
      Locals:         4       0       0       0       0       0       0
      Temps:          0       0       0       0       0       0       0
      Totals:         4       0       0       0       0       0       0
Total ram usage:        4 bytes
 Hardware stack levels used:    1
 Hardware stack levels required when called:    2
 This function calls:
		_delay
 This function is called by:
		_main
 This function uses a non-reentrant model


 *************** function _runHardverCheck *****************
 Defined at:
		line 9 in file "HardverTest.c"
 Parameters:    Size  Location     Type
		None
 Auto vars:     Size  Location     Type
  helper          2   18[COMRAM] int 
  helper          2   16[COMRAM] int 
 Return value:  Size  Location     Type
		None               void
 Registers used:
		wreg, fsr0l, fsr0h, fsr1l, fsr1h, fsr1l, fsr1h, fsr2l, fsr2h, status,2, status,0, pclat, btemp, btemp+1, btemp+2, btemp+3, btemp+4, btemp+5, btemp+6, btemp+7, tosl, structret, tblptrl, tblptrh, tblptru, prodl, prodh, bsr, cstack
 Tracked objects:
		On entry : 
		On exit  : 
		Unchanged: 
 Data sizes:     COMRAM   BANK0   BANK1   BANK2   BANK3   BANK4   BANK5
      Params:         0       0       0       0       0       0       0
      Locals:         4       0       0       0       0       0       0
      Temps:          0       0       0       0       0       0       0
      Totals:         4       0       0       0       0       0       0
Total ram usage:        4 bytes
 Hardware stack levels used:    1
 Hardware stack levels required when called:    2
 This function calls:
		_delay
 This function is called by:
		_main
 This function uses a non-reentrant model


 *************** function _delay *****************
 Defined at:
		line 67 in file "HardverTest.c"
 Parameters:    Size  Location     Type
		None
 Auto vars:     Size  Location     Type
  delay           2   14[COMRAM] int 
 Return value:  Size  Location     Type
		None               void
 Registers used:
		wreg, status,2, status,0
 Tracked objects:
		On entry : 
		On exit  : 
		Unchanged: 
 Data sizes:     COMRAM   BANK0   BANK1   BANK2   BANK3   BANK4   BANK5
      Params:         0       0       0       0       0       0       0
      Locals:         2       0       0       0       0       0       0
      Temps:          0       0       0       0       0       0       0
      Totals:         2       0       0       0       0       0       0
Total ram usage:        2 bytes
 Hardware stack levels used:    1
 Hardware stack levels required when called:    1
 This function calls:
		Nothing
 This function is called by:
		_runHardverCheck
		_runHardverTest
 This function uses a non-reentrant model


 *************** function _ISR *****************
 Defined at:
		line 52 in file "main.c"
 Parameters:    Size  Location     Type
		None
 Auto vars:     Size  Location     Type
		None
 Return value:  Size  Location     Type
		None               void
 Registers used:
		None
 Tracked objects:
		On entry : 
		On exit  : 
		Unchanged: 
 Data sizes:     COMRAM   BANK0   BANK1   BANK2   BANK3   BANK4   BANK5
      Params:         0       0       0       0       0       0       0
      Locals:         0       0       0       0       0       0       0
      Temps:         14       0       0       0       0       0       0
      Totals:        14       0       0       0       0       0       0
Total ram usage:       14 bytes
 Hardware stack levels used:    1
 This function calls:
		Nothing
 This function is called by:
		Interrupt level 2
 This function uses a non-reentrant model



MODULE INFORMATION

Module		Function		Class		Link	Load	Size
HardverTest.c
		_delay         		CODE           	01FE	0000	30
		_runHardverTest		CODE           	017A	0000	88
		_runHardverChec		CODE           	0104	0000	118

HardverTest.c estimated size: 236

shared
		__initializatio		CODE           	021C	0000	4

shared estimated size: 4

main.c
		_ISR           		CODE           	0008	0000	114
		_main          		CODE           	01D2	0000	44

main.c estimated size: 158

OSC.c
		_setOSCFrequenc		CODE           	007E	0000	134

OSC.c estimated size: 134

Initialization.c
		_initINT0      		CODE           	0236	0000	12
		_initLEDs      		CODE           	022A	0000	12

Initialization.c estimated size: 24

